// Jest Snapshot v1, https://goo.gl/fbAQLP

exports[`Header should match snapshot 1`] = `
<div>
  <p>
    Alberto PerezÂ 
    <code
      class="code"
    >
      Frontend Developer
    </code>
  </p>
</div>
`;
